// Vitest Snapshot v1, https://vitest.dev/guide/snapshot.html

exports[`test tokenize for a very common doc annotation > commonSource 1`] = `
[
  [
    "/**",
    "TOKEN_OPEN_PHPDOC",
    1,
  ],
  [
    "
 * ",
    "TOKEN_PHPDOC_EOL",
    1,
  ],
  [
    "@template",
    "TOKEN_PHPDOC_TAG",
    2,
  ],
  [
    " ",
    "TOKEN_HORIZONTAL_WS",
    2,
  ],
  [
    "TKey",
    "TOKEN_IDENTIFIER",
    2,
  ],
  [
    " ",
    "TOKEN_HORIZONTAL_WS",
    2,
  ],
  [
    "of",
    "TOKEN_IDENTIFIER",
    2,
  ],
  [
    " ",
    "TOKEN_HORIZONTAL_WS",
    2,
  ],
  [
    "array-key",
    "TOKEN_IDENTIFIER",
    2,
  ],
  [
    "
 *",
    "TOKEN_PHPDOC_EOL",
    2,
  ],
  [
    "
 * ",
    "TOKEN_PHPDOC_EOL",
    3,
  ],
  [
    "@template-covariant",
    "TOKEN_PHPDOC_TAG",
    4,
  ],
  [
    " ",
    "TOKEN_HORIZONTAL_WS",
    4,
  ],
  [
    "TValue",
    "TOKEN_IDENTIFIER",
    4,
  ],
  [
    "
 *",
    "TOKEN_PHPDOC_EOL",
    4,
  ],
  [
    "
 * ",
    "TOKEN_PHPDOC_EOL",
    5,
  ],
  [
    "@implements",
    "TOKEN_PHPDOC_TAG",
    6,
  ],
  [
    " ",
    "TOKEN_HORIZONTAL_WS",
    6,
  ],
  [
    "\\ArrayAccess",
    "TOKEN_IDENTIFIER",
    6,
  ],
  [
    "<",
    "TOKEN_OPEN_ANGLE_BRACKET",
    6,
  ],
  [
    "TKey",
    "TOKEN_IDENTIFIER",
    6,
  ],
  [
    ",",
    "TOKEN_COMMA",
    6,
  ],
  [
    " ",
    "TOKEN_HORIZONTAL_WS",
    6,
  ],
  [
    "TValue",
    "TOKEN_IDENTIFIER",
    6,
  ],
  [
    ">",
    "TOKEN_CLOSE_ANGLE_BRACKET",
    6,
  ],
  [
    "
 * ",
    "TOKEN_PHPDOC_EOL",
    6,
  ],
  [
    "@implements",
    "TOKEN_PHPDOC_TAG",
    7,
  ],
  [
    " ",
    "TOKEN_HORIZONTAL_WS",
    7,
  ],
  [
    "\\Illuminate\\Support\\Enumerable",
    "TOKEN_IDENTIFIER",
    7,
  ],
  [
    "<",
    "TOKEN_OPEN_ANGLE_BRACKET",
    7,
  ],
  [
    "TKey",
    "TOKEN_IDENTIFIER",
    7,
  ],
  [
    ",",
    "TOKEN_COMMA",
    7,
  ],
  [
    " ",
    "TOKEN_HORIZONTAL_WS",
    7,
  ],
  [
    "TValue",
    "TOKEN_IDENTIFIER",
    7,
  ],
  [
    ">",
    "TOKEN_CLOSE_ANGLE_BRACKET",
    7,
  ],
  [
    "
 ",
    "TOKEN_PHPDOC_EOL",
    7,
  ],
  [
    "*/",
    "TOKEN_CLOSE_PHPDOC",
    8,
  ],
  [
    "",
    "TOKEN_END",
    8,
  ],
]
`;
