// Jest Snapshot v1, https://goo.gl/fbAQLP

exports[`test tokenize for a very common doc annotation: commonSource 1`] = `
[
  [
    "/**",
    "TOKEN_OPEN_PHPDOC",
    1,
  ],
  [
    "
 * ",
    "TOKEN_PHPDOC_EOL",
    1,
  ],
  [
    "@property",
    "TOKEN_PHPDOC_TAG",
    2,
  ],
  [
    " ",
    "TOKEN_HORIZONTAL_WS",
    2,
  ],
  [
    "float",
    "TOKEN_IDENTIFIER",
    2,
  ],
  [
    "|",
    "TOKEN_UNION",
    2,
  ],
  [
    "null",
    "TOKEN_IDENTIFIER",
    2,
  ],
  [
    " ",
    "TOKEN_HORIZONTAL_WS",
    2,
  ],
  [
    "$cash_balance",
    "TOKEN_VARIABLE",
    2,
  ],
  [
    "
 * ",
    "TOKEN_PHPDOC_EOL",
    2,
  ],
  [
    "@property-read",
    "TOKEN_PHPDOC_TAG",
    3,
  ],
  [
    " ",
    "TOKEN_HORIZONTAL_WS",
    3,
  ],
  [
    "string",
    "TOKEN_IDENTIFIER",
    3,
  ],
  [
    "|",
    "TOKEN_UNION",
    3,
  ],
  [
    "null",
    "TOKEN_IDENTIFIER",
    3,
  ],
  [
    "         ",
    "TOKEN_HORIZONTAL_WS",
    3,
  ],
  [
    "$default_name",
    "TOKEN_VARIABLE",
    3,
  ],
  [
    "
 * ",
    "TOKEN_PHPDOC_EOL",
    3,
  ],
  [
    "@property-read",
    "TOKEN_PHPDOC_TAG",
    4,
  ],
  [
    " ",
    "TOKEN_HORIZONTAL_WS",
    4,
  ],
  [
    "int",
    "TOKEN_IDENTIFIER",
    4,
  ],
  [
    "|",
    "TOKEN_UNION",
    4,
  ],
  [
    "null",
    "TOKEN_IDENTIFIER",
    4,
  ],
  [
    "            ",
    "TOKEN_HORIZONTAL_WS",
    4,
  ],
  [
    "$refresh_code",
    "TOKEN_VARIABLE",
    4,
  ],
  [
    "
 * ",
    "TOKEN_PHPDOC_EOL",
    4,
  ],
  [
    "@property-read",
    "TOKEN_PHPDOC_TAG",
    5,
  ],
  [
    " ",
    "TOKEN_HORIZONTAL_WS",
    5,
  ],
  [
    "\\Carbon\\Carbon",
    "TOKEN_IDENTIFIER",
    5,
  ],
  [
    "|",
    "TOKEN_UNION",
    5,
  ],
  [
    "null",
    "TOKEN_IDENTIFIER",
    5,
  ],
  [
    " ",
    "TOKEN_HORIZONTAL_WS",
    5,
  ],
  [
    "$refreshed_at",
    "TOKEN_VARIABLE",
    5,
  ],
  [
    "
 * ",
    "TOKEN_PHPDOC_EOL",
    5,
  ],
  [
    "@property-read",
    "TOKEN_PHPDOC_TAG",
    6,
  ],
  [
    " ",
    "TOKEN_HORIZONTAL_WS",
    6,
  ],
  [
    "string",
    "TOKEN_IDENTIFIER",
    6,
  ],
  [
    "|",
    "TOKEN_UNION",
    6,
  ],
  [
    "null",
    "TOKEN_IDENTIFIER",
    6,
  ],
  [
    "         ",
    "TOKEN_HORIZONTAL_WS",
    6,
  ],
  [
    "$refreshed_at_friendly",
    "TOKEN_VARIABLE",
    6,
  ],
  [
    "
 * ",
    "TOKEN_PHPDOC_EOL",
    6,
  ],
  [
    "@property-read",
    "TOKEN_PHPDOC_TAG",
    7,
  ],
  [
    " ",
    "TOKEN_HORIZONTAL_WS",
    7,
  ],
  [
    "int",
    "TOKEN_IDENTIFIER",
    7,
  ],
  [
    "                 ",
    "TOKEN_HORIZONTAL_WS",
    7,
  ],
  [
    "$signed_balance",
    "TOKEN_VARIABLE",
    7,
  ],
  [
    "
 * ",
    "TOKEN_PHPDOC_EOL",
    7,
  ],
  [
    "@property-read",
    "TOKEN_PHPDOC_TAG",
    8,
  ],
  [
    " ",
    "TOKEN_HORIZONTAL_WS",
    8,
  ],
  [
    "int",
    "TOKEN_IDENTIFIER",
    8,
  ],
  [
    "|",
    "TOKEN_UNION",
    8,
  ],
  [
    "null",
    "TOKEN_IDENTIFIER",
    8,
  ],
  [
    "            ",
    "TOKEN_HORIZONTAL_WS",
    8,
  ],
  [
    "$tax_advantage_id",
    "TOKEN_VARIABLE",
    8,
  ],
  [
    "
 * ",
    "TOKEN_PHPDOC_EOL",
    8,
  ],
  [
    "@property-read",
    "TOKEN_PHPDOC_TAG",
    9,
  ],
  [
    " ",
    "TOKEN_HORIZONTAL_WS",
    9,
  ],
  [
    "float",
    "TOKEN_IDENTIFIER",
    9,
  ],
  [
    "               ",
    "TOKEN_HORIZONTAL_WS",
    9,
  ],
  [
    "$total_cost_basis",
    "TOKEN_VARIABLE",
    9,
  ],
  [
    " ",
    "TOKEN_HORIZONTAL_WS",
    9,
  ],
  [
    "total",
    "TOKEN_IDENTIFIER",
    9,
  ],
  [
    " ",
    "TOKEN_HORIZONTAL_WS",
    9,
  ],
  [
    "cost",
    "TOKEN_IDENTIFIER",
    9,
  ],
  [
    " ",
    "TOKEN_HORIZONTAL_WS",
    9,
  ],
  [
    "to",
    "TOKEN_IDENTIFIER",
    9,
  ],
  [
    " ",
    "TOKEN_HORIZONTAL_WS",
    9,
  ],
  [
    "buy",
    "TOKEN_IDENTIFIER",
    9,
  ],
  [
    ",",
    "TOKEN_COMMA",
    9,
  ],
  [
    " ",
    "TOKEN_HORIZONTAL_WS",
    9,
  ],
  [
    "both",
    "TOKEN_IDENTIFIER",
    9,
  ],
  [
    " ",
    "TOKEN_HORIZONTAL_WS",
    9,
  ],
  [
    "stocks",
    "TOKEN_IDENTIFIER",
    9,
  ],
  [
    " ",
    "TOKEN_HORIZONTAL_WS",
    9,
  ],
  [
    "and",
    "TOKEN_IDENTIFIER",
    9,
  ],
  [
    " ",
    "TOKEN_HORIZONTAL_WS",
    9,
  ],
  [
    "funds",
    "TOKEN_IDENTIFIER",
    9,
  ],
  [
    "
 * ",
    "TOKEN_PHPDOC_EOL",
    9,
  ],
  [
    "@property-read",
    "TOKEN_PHPDOC_TAG",
    10,
  ],
  [
    " ",
    "TOKEN_HORIZONTAL_WS",
    10,
  ],
  [
    "float",
    "TOKEN_IDENTIFIER",
    10,
  ],
  [
    "               ",
    "TOKEN_HORIZONTAL_WS",
    10,
  ],
  [
    "$total_value",
    "TOKEN_VARIABLE",
    10,
  ],
  [
    "      ",
    "TOKEN_HORIZONTAL_WS",
    10,
  ],
  [
    "total",
    "TOKEN_IDENTIFIER",
    10,
  ],
  [
    " ",
    "TOKEN_HORIZONTAL_WS",
    10,
  ],
  [
    "market",
    "TOKEN_IDENTIFIER",
    10,
  ],
  [
    " ",
    "TOKEN_HORIZONTAL_WS",
    10,
  ],
  [
    "value",
    "TOKEN_IDENTIFIER",
    10,
  ],
  [
    " ",
    "TOKEN_HORIZONTAL_WS",
    10,
  ],
  [
    "+",
    "TOKEN_OTHER",
    10,
  ],
  [
    " ",
    "TOKEN_HORIZONTAL_WS",
    10,
  ],
  [
    "signed",
    "TOKEN_IDENTIFIER",
    10,
  ],
  [
    " ",
    "TOKEN_HORIZONTAL_WS",
    10,
  ],
  [
    "cash",
    "TOKEN_IDENTIFIER",
    10,
  ],
  [
    " ",
    "TOKEN_HORIZONTAL_WS",
    10,
  ],
  [
    "balance",
    "TOKEN_IDENTIFIER",
    10,
  ],
  [
    "
 *",
    "TOKEN_PHPDOC_EOL",
    10,
  ],
  [
    "
 * ",
    "TOKEN_PHPDOC_EOL",
    11,
  ],
  [
    "@method",
    "TOKEN_PHPDOC_TAG",
    12,
  ],
  [
    " ",
    "TOKEN_HORIZONTAL_WS",
    12,
  ],
  [
    "static",
    "TOKEN_IDENTIFIER",
    12,
  ],
  [
    " ",
    "TOKEN_HORIZONTAL_WS",
    12,
  ],
  [
    "\\Illuminate\\Database\\Eloquent\\Builder",
    "TOKEN_IDENTIFIER",
    12,
  ],
  [
    " ",
    "TOKEN_HORIZONTAL_WS",
    12,
  ],
  [
    "included",
    "TOKEN_IDENTIFIER",
    12,
  ],
  [
    "(",
    "TOKEN_OPEN_PARENTHESES",
    12,
  ],
  [
    ")",
    "TOKEN_CLOSE_PARENTHESES",
    12,
  ],
  [
    "
 ",
    "TOKEN_PHPDOC_EOL",
    12,
  ],
  [
    "*/",
    "TOKEN_CLOSE_PHPDOC",
    13,
  ],
  [
    "",
    "TOKEN_END",
    13,
  ],
]
`;
